Tools / generateKeyframes / bounce / 1: |-
  @keyframes bounce {
    0%, 100% {
      -webkit-transform: translateY(-25%);
      transform: translateY(-25%);
      -webkit-animation-timing-function: cubic-bezier(0.8,0,1,1);
      animation-timing-function: cubic-bezier(0.8,0,1,1);
    }
    50% {
      -webkit-transform: translateY(0);
      transform: translateY(0);
      -webkit-animation-timing-function: cubic-bezier(0,0,0.2,1);
      animation-timing-function: cubic-bezier(0,0,0.2,1);
    }
  }
  @-webkit-keyframes bounce {
    0%, 100% {
      -webkit-transform: translateY(-25%);
      transform: translateY(-25%);
      -webkit-animation-timing-function: cubic-bezier(0.8,0,1,1);
      animation-timing-function: cubic-bezier(0.8,0,1,1);
    }
    50% {
      -webkit-transform: translateY(0);
      transform: translateY(0);
      -webkit-animation-timing-function: cubic-bezier(0,0,0.2,1);
      animation-timing-function: cubic-bezier(0,0,0.2,1);
    }
  }
Tools / generateKeyframes / spin / 0: |-
  @keyframes spin {
    from {
      -webkit-transform: rotate(0deg);
      transform: rotate(0deg);
    }
    to {
      -webkit-transform: rotate(360deg);
      transform: rotate(360deg);
    }
  }
  @-webkit-keyframes spin {
    from {
      -webkit-transform: rotate(0deg);
      transform: rotate(0deg);
    }
    to {
      -webkit-transform: rotate(360deg);
      transform: rotate(360deg);
    }
  }
