Tools / should sort correctly / selector / 0: |-
  [
    "*",
    ":root",
    "::moz-focus-inner",
    "::-webkit-inner-spin-button",
    "a",
    "body",
    ".bg-red-500",
    ".p-4",
    ".p-2",
    ".pt-4",
    ".test",
    "#id"
  ]
Tools / should sort transform correctly / selector / 0: |-
  [
    ".transform",
    ".origin-top",
    ".scale-50",
    ".rotate-5",
    ".-translate-x-1/2",
    ".-translate-y-1/2",
    ".-skew-x-4"
  ]
