Tools / sort / query / 0: |-
  [
    "@media (min-width: 320px) and (max-width: 767px)",
    "@media (min-height: 480px)",
    "@media (min-height: 480px) and (min-width: 320px)",
    "@media (min-width: 640px)",
    "@media (min-width: 1024px)",
    "@media (min-width: 1280px)",
    "@media (min-device-width: 320px) and (max-device-width: 767px)",
    "@media (max-width: 1023px)",
    "@media (max-height: 767px) and (min-height: 320px)",
    "@media (max-width: 767px) and (min-width: 320px)",
    "@media (max-width: 639px)",
    "@media (orientation: landscape)",
    "@media (orientation: portrait)",
    "@media (prefers-color-schemes: dark)",
    "@media (prefers-color-schemes: light)",
    "@media tv",
    "@media only print",
    "@media print",
    "@keyframes spin"
  ]
