'Tools: compile: css': |-
  .windi-sarsyj {
    font-weight: 700;
    --tw-text-opacity: 1;
    color: rgba(110, 231, 183, var(--tw-text-opacity));
    --tw-bg-opacity: 1;
    background-color: rgba(209, 213, 219, var(--tw-bg-opacity));
    background-color: rgba(255, 255, 255, var(--tw-bg-opacity));
  }
  @media (min-width: 640px) {
    .dark .windi-sarsyj:hover {
      font-size: 1.125rem;
      line-height: 1.75rem;
    }
    .windi-sarsyj {
      --tw-bg-opacity: 1;
      background-color: rgba(243, 244, 246, var(--tw-bg-opacity));
    }
    .windi-sarsyj:hover {
      --tw-bg-opacity: 1;
      background-color: rgba(229, 231, 235, var(--tw-bg-opacity));
    }
  }
