Tools / generated correct css for space-x-reverse / css / 0: |-
  .space-y-4 > :not([hidden]) ~ :not([hidden]) {
    --tw-space-y-reverse: 0;
    margin-top: calc(1rem * calc(1 - var(--tw-space-y-reverse)));
    margin-bottom: calc(1rem * var(--tw-space-y-reverse));
  }
  .space-x-reverse > :not([hidden]) ~ :not([hidden]) {
    --tw-space-x-reverse: 1;
  }
Tools / interpret / css / 1: |-
  .bg-cool-gray-300 {
    --tw-bg-opacity: 1;
    background-color: rgba(209, 213, 219, var(--tw-bg-opacity));
  }
  .bg-hex-fff {
    --tw-bg-opacity: 1;
    background-color: rgba(255, 255, 255, var(--tw-bg-opacity));
  }
  .font-bold {
    font-weight: 700;
  }
  .text-green-300 {
    --tw-text-opacity: 1;
    color: rgba(110, 231, 183, var(--tw-text-opacity));
  }
  @media (min-width: 640px) {
    .sm\:bg-gray-100 {
      --tw-bg-opacity: 1;
      background-color: rgba(243, 244, 246, var(--tw-bg-opacity));
    }
    .sm\:hover\:bg-gray-200:hover {
      --tw-bg-opacity: 1;
      background-color: rgba(229, 231, 235, var(--tw-bg-opacity));
    }
    .dark .sm\:dark\:hover\:text-lg:hover {
      font-size: 1.125rem;
      line-height: 1.75rem;
    }
  }
Tools / interpret / success / 0: |-
  [
    "font-bold",
    "text-green-300",
    "sm:dark:hover:text-lg",
    "sm:bg-gray-100",
    "sm:hover:bg-gray-200",
    "bg-cool-gray-300",
    "bg-hex-fff"
  ]
Tools / interpret duplicated important / duplicated important / 0: |-
  .\!hover\:bg-red-500:hover {
    --tw-bg-opacity: 1 !important;
    background-color: rgba(239, 68, 68, var(--tw-bg-opacity)) !important;
  }
  .\!focus\:border:focus {
    border-width: 1px !important;
  }
  .focus\:float-right:focus {
    float: right;
  }
  .\!p-0 {
    padding: 0px !important;
  }
  .\!hover\:p-4:hover {
    padding: 1rem !important;
  }
  .\!text-green-300 {
    --tw-text-opacity: 1 !important;
    color: rgba(110, 231, 183, var(--tw-text-opacity)) !important;
  }
Tools / interpret important / important / 0: |-
  .\!hover\:bg-red-500:hover {
    --tw-bg-opacity: 1 !important;
    background-color: rgba(239, 68, 68, var(--tw-bg-opacity)) !important;
  }
  .\!focus\:border:focus {
    border-width: 1px !important;
  }
  .focus\:float-right:focus {
    float: right;
  }
  .font-bold {
    font-weight: 700;
  }
  .\!hover\:p-4:hover {
    padding: 1rem !important;
  }
  .\!text-green-300 {
    --tw-text-opacity: 1 !important;
    color: rgba(110, 231, 183, var(--tw-text-opacity)) !important;
  }
Tools / interpret screen variants / screen variants / 0: |-
  @media (min-width: 768px) {
    .md\:p-1 {
      padding: 0.25rem;
    }
  }
  @media (min-width: 1280px) and (max-width: 1535.9px) {
    .\@xl\:p-3 {
      padding: 0.75rem;
    }
  }
  @media (max-width: 1023.9px) {
    .\<lg\:p-2 {
      padding: 0.5rem;
    }
  }
Tools / interpret square brackets / square brackets / 0: |-
  .border-\[\#232\] {
    --tw-border-opacity: 1;
    border-color: rgba(34, 51, 34, var(--tw-border-opacity));
  }
  .border-\[2px\] {
    border-width: 2px;
  }
  .m-\[-11rem\] {
    margin: -11rem;
  }
  .\!mt-\[10px\] {
    margin-top: 10px !important;
  }
  .p-\[30em\] {
    padding: 30em;
  }
  .text-\[\#9254d2\] {
    --tw-text-opacity: 1;
    color: rgba(146, 84, 210, var(--tw-text-opacity));
  }
  .w-\[51vw\] {
    width: 51vw;
  }
