Tools / add duplicated components / css / 0: |-
  .btn {
    padding: .5rem 1rem;
    border-radius: .25rem;
    font-weight: 600;
  }
Tools / add duplicated utilities / css / 0: |-
  .btn {
    padding: .5rem 1rem;
    border-radius: .25rem;
    font-weight: 600;
  }
Tools / add multi utilities / a / 1: |-
  .a {
    padding: .5rem 1rem;
    border-radius: .25rem;
  }
Tools / add multi utilities / b / 2: |-
  .b:hover {
    padding: .5rem 1rem;
    border-radius: .25rem;
  }
Tools / add multi utilities / preflight / 0: |-
  [type='button'] {
    padding: .5rem 1rem;
    border-radius: .25rem;
  }
Tools / add nest class name / css / 0: |-
  .btn.loading:before {
    border-radius: 9999px;
    border-width: 2px;
    height: 1rem;
    margin-right: .5rem;
    width: 1rem;
    -webkit-animation: spin 2s linear infinite;
    animation: spin 2s linear infinite;
    content: "";
    border-color: transparent currentColor currentColor transparent;
  }
Tools / add pseudo components / css / 0: |-
  .btn {
    padding: .5rem 1rem;
    border-radius: .25rem;
  }
  .btn:hover {
    color: #fff;
  }
  @media (min-width: 768px) {
    @keyframes ping {
      .btn {
        font-weight: 600;
      }
    }
  }
Tools / add pseudo utilities / css / 0: |-
  .btn {
    padding: .5rem 1rem;
    border-radius: .25rem;
  }
  .btn:hover {
    color: #fff;
  }
  @media (min-width: 768px) {
    @keyframes ping {
      .btn {
        font-weight: 600;
      }
    }
  }
  .hover\:abc:hover {
    color: #1c1c1e;
  }
  @media (min-width: 640px) {
    .hover\:abc:hover {
      color: #fff;
    }
  }
  @media (min-width: 768px) {
    @keyframes ping {
      .test {
        color: red;
      }
    }
  }
'Tools / addComponents #242 / css / 0': |-
  .avatar>div {
    display: block;
    overflow: hidden;
  }
  .avatar+div {
    display: block;
    overflow: hidden;
  }
  .avatar div {
    display: block;
    overflow: hidden;
  }
  .avatar~div {
    display: block;
    overflow: hidden;
  }
Tools / addComponents with non-class styles  / css / 0: |-
  [data-theme] {
    --active: #0099FF;
  }
  [data-theme="dark"] {
    --primary: #111111;
    --on-primary: #B4B4B4;
    --on-primary-active: #F2F2F2;
    --frame: #1E1E1E;
    --on-frame: #808080;
    --on-frame-active: var(--on-primary);
  }
  [data-theme="light"] {
    --primary: #FFFFFF;
    --on-primary: #888888;
    --on-primary-active: #333333;
    --frame: #EFEFEF;
    --on-frame: #808080;
    --on-frame-active: var(--on-primary);
  }
Tools / addVariant modifySelectors / css / 0: |-
  .disabled\:float-right:disabled {
    float: right;
  }
Tools / addVariant pseudoClass / css / 1: |-
  .hocus\:float-right:hover:focus {
    float: right;
  }
Tools / addVariant pseudoClass / extend / 0: |-
  .float-right:hover:focus {
    float: right;
  }
Tools / dump config / css / 0: |-
  .bg-nord0 {
    --tw-bg-opacity: 1;
    background-color: rgba(46, 52, 64, var(--tw-bg-opacity));
  }
