Tools / validate / ignored / 0: |-
  [
    {
      "className": "ac:font-bold",
      "raw": "ac:font-bold",
      "start": 50,
      "end": 62,
      "variants": [],
      "content": "ac:font-bold",
      "type": "utility",
      "important": false
    },
    {
      "className": "abc",
      "raw": "abc",
      "start": 98,
      "end": 101,
      "variants": [],
      "content": "abc",
      "type": "utility",
      "important": false
    }
  ]
Tools / validate / success / 1: |-
  [
    {
      "className": "font-bold",
      "raw": "font-bold",
      "start": 0,
      "end": 9,
      "variants": [],
      "content": "font-bold",
      "type": "utility",
      "important": false
    },
    {
      "className": "text-green-300",
      "raw": "text-green-300",
      "start": 12,
      "end": 26,
      "variants": [],
      "content": "text-green-300",
      "type": "utility",
      "important": false
    },
    {
      "className": "sm:dark:hover:text-lg",
      "raw": "sm:dark:hover:text-lg",
      "start": 28,
      "end": 49,
      "variants": [
        "sm",
        "dark",
        "hover"
      ],
      "content": "text-lg",
      "type": "utility",
      "important": false
    },
    {
      "className": "sm:bg-gray-100",
      "raw": "bg-gray-100",
      "start": 67,
      "end": 78,
      "variants": [],
      "content": "bg-gray-100",
      "type": "utility",
      "important": false,
      "parent": {
        "raw": "sm:(bg-gray-100 hover:bg-gray-200)",
        "start": 63,
        "end": 97,
        "variants": [
          "sm"
        ],
        "content": [
          {
            "raw": "bg-gray-100",
            "start": 67,
            "end": 78,
            "variants": [],
            "content": "bg-gray-100",
            "type": "utility",
            "important": false
          },
          {
            "raw": "hover:bg-gray-200",
            "start": 79,
            "end": 96,
            "variants": [
              "hover"
            ],
            "content": "bg-gray-200",
            "type": "utility",
            "important": false
          }
        ],
        "type": "group",
        "important": false
      }
    },
    {
      "className": "sm:hover:bg-gray-200",
      "raw": "hover:bg-gray-200",
      "start": 79,
      "end": 96,
      "variants": [
        "hover"
      ],
      "content": "bg-gray-200",
      "type": "utility",
      "important": false,
      "parent": {
        "raw": "sm:(bg-gray-100 hover:bg-gray-200)",
        "start": 63,
        "end": 97,
        "variants": [
          "sm"
        ],
        "content": [
          {
            "raw": "bg-gray-100",
            "start": 67,
            "end": 78,
            "variants": [],
            "content": "bg-gray-100",
            "type": "utility",
            "important": false
          },
          {
            "raw": "hover:bg-gray-200",
            "start": 79,
            "end": 96,
            "variants": [
              "hover"
            ],
            "content": "bg-gray-200",
            "type": "utility",
            "important": false
          }
        ],
        "type": "group",
        "important": false
      }
    },
    {
      "className": "bg-cool-gray-300",
      "raw": "bg-cool-gray-300",
      "start": 102,
      "end": 118,
      "variants": [],
      "content": "bg-cool-gray-300",
      "type": "utility",
      "important": false
    },
    {
      "className": "bg-hex-fff",
      "raw": "bg-hex-fff",
      "start": 119,
      "end": 129,
      "variants": [],
      "content": "bg-hex-fff",
      "type": "utility",
      "important": false
    }
  ]
