Tools / customize test / line-clamp customized / 0: |-
  .line-clamp-1 {
    overflow: hidden;
    display: -webkit-box;
    -webkit-box-orient: vertical;
    -webkit-line-clamp: 1;
  }
  .line-clamp-4 {
    overflow: hidden;
    display: -webkit-box;
    -webkit-box-orient: vertical;
    -webkit-line-clamp: 4;
  }
  .line-clamp-sm {
    overflow: hidden;
    display: -webkit-box;
    -webkit-box-orient: vertical;
    -webkit-line-clamp: 4;
  }
  .line-clamp-md {
    overflow: hidden;
    display: -webkit-box;
    -webkit-box-orient: vertical;
    -webkit-line-clamp: 6;
  }
Tools / interpret test / line-clamp / 0: |-
  .line-clamp-1 {
    overflow: hidden;
    display: -webkit-box;
    -webkit-box-orient: vertical;
    -webkit-line-clamp: 1;
  }
  .line-clamp-4 {
    overflow: hidden;
    display: -webkit-box;
    -webkit-box-orient: vertical;
    -webkit-line-clamp: 4;
  }
  .line-clamp-none {
    -webkit-line-clamp: unset;
  }
  .hover\:line-clamp-none:hover {
    -webkit-line-clamp: unset;
  }
  @media (min-width: 640px) {
    .sm\:line-clamp-none {
      -webkit-line-clamp: unset;
    }
  }
Tools / works with prefix / line-clamp with prefix / 0: |-
  .windi-line-clamp-1 {
    overflow: hidden;
    display: -webkit-box;
    -webkit-box-orient: vertical;
    -webkit-line-clamp: 1;
  }
  .windi-line-clamp-4 {
    overflow: hidden;
    display: -webkit-box;
    -webkit-box-orient: vertical;
    -webkit-line-clamp: 4;
  }
  .windi-line-clamp-none {
    -webkit-line-clamp: unset;
  }
  @media (min-width: 640px) {
    .sm\:windi-line-clamp-none {
      -webkit-line-clamp: unset;
    }
  }
  @media (min-width: 768px) {
    .md\:windi-line-clamp-4 {
      overflow: hidden;
      display: -webkit-box;
      -webkit-box-orient: vertical;
      -webkit-line-clamp: 4;
    }
  }
