Tools / add completions / completions / 0: |-
  {
    "snapMargin": [
      "snap-m-{static}",
      "snap-my-{static}",
      "snap-mx-{static}",
      "snap-mt-{static}",
      "snap-ml-{static}",
      "snap-mb-{static}",
      "snap-mr-{static}",
      "snap-m-{float}",
      "snap-my-{float}",
      "snap-mx-{float}",
      "snap-mt-{float}",
      "snap-ml-{float}",
      "snap-mb-{float}",
      "snap-mr-{float}",
      "snap-m-{size}",
      "snap-my-{size}",
      "snap-mx-{size}",
      "snap-mt-{size}",
      "snap-ml-{size}",
      "snap-mb-{size}",
      "snap-mr-{size}",
      "snap-m-${var}",
      "snap-my-${var}",
      "snap-mx-${var}",
      "snap-mt-${var}",
      "snap-ml-${var}",
      "snap-mb-${var}",
      "snap-mr-${var}",
      "snap-m-[7px]",
      "snap-my-[7px]",
      "snap-mx-[7px]",
      "snap-mt-[7px]",
      "snap-ml-[7px]",
      "snap-mb-[7px]",
      "snap-mr-[7px]",
      "-snap-m-{float}",
      "-snap-my-{float}",
      "-snap-mx-{float}",
      "-snap-mt-{float}",
      "-snap-ml-{float}",
      "-snap-mb-{float}",
      "-snap-mr-{float}",
      "-snap-m-{size}",
      "-snap-my-{size}",
      "-snap-mx-{size}",
      "-snap-mt-{size}",
      "-snap-ml-{size}",
      "-snap-mb-{size}",
      "-snap-mr-{size}",
      "-snap-m-${var}",
      "-snap-my-${var}",
      "-snap-mx-${var}",
      "-snap-mt-${var}",
      "-snap-ml-${var}",
      "-snap-mb-${var}",
      "-snap-mr-${var}",
      "-snap-m-[7px]",
      "-snap-my-[7px]",
      "-snap-mx-[7px]",
      "-snap-mt-[7px]",
      "-snap-ml-[7px]",
      "-snap-mb-[7px]",
      "-snap-mr-[7px]"
    ],
    "snapPadding": [
      "snap-p-{static}",
      "snap-py-{static}",
      "snap-px-{static}",
      "snap-pt-{static}",
      "snap-pl-{static}",
      "snap-pb-{static}",
      "snap-pr-{static}",
      "snap-p-{float}",
      "snap-py-{float}",
      "snap-px-{float}",
      "snap-pt-{float}",
      "snap-pl-{float}",
      "snap-pb-{float}",
      "snap-pr-{float}",
      "snap-p-{size}",
      "snap-py-{size}",
      "snap-px-{size}",
      "snap-pt-{size}",
      "snap-pl-{size}",
      "snap-pb-{size}",
      "snap-pr-{size}",
      "snap-p-${var}",
      "snap-py-${var}",
      "snap-px-${var}",
      "snap-pt-${var}",
      "snap-pl-${var}",
      "snap-pb-${var}",
      "snap-pr-${var}",
      "snap-p-[7px]",
      "snap-py-[7px]",
      "snap-px-[7px]",
      "snap-pt-[7px]",
      "snap-pl-[7px]",
      "snap-pb-[7px]",
      "snap-pr-[7px]",
      "-snap-p-{float}",
      "-snap-py-{float}",
      "-snap-px-{float}",
      "-snap-pt-{float}",
      "-snap-pl-{float}",
      "-snap-pb-{float}",
      "-snap-pr-{float}",
      "-snap-p-{size}",
      "-snap-py-{size}",
      "-snap-px-{size}",
      "-snap-pt-{size}",
      "-snap-pl-{size}",
      "-snap-pb-{size}",
      "-snap-pr-{size}",
      "-snap-p-${var}",
      "-snap-py-${var}",
      "-snap-px-${var}",
      "-snap-pt-${var}",
      "-snap-pl-${var}",
      "-snap-pb-${var}",
      "-snap-pr-${var}",
      "-snap-p-[7px]",
      "-snap-py-[7px]",
      "-snap-px-[7px]",
      "-snap-pt-[7px]",
      "-snap-pl-[7px]",
      "-snap-pb-[7px]",
      "-snap-pr-[7px]"
    ]
  }
