Tools / @import url / css / 0: >-
  @import
  url('https://fonts.googleapis.com/css2?family=Barlow:wght@400;500&display=swap');

  #app {
    color: red;
  }
Tools / AtRule wrap properties / css / 0: |-
  @font-face {
    font-family: Proxima Nova;
    font-weight: 400;
    src: url(/fonts/proxima-nova/400-regular.woff) format("woff");
  }
Tools / Deep Nesting / css / 0: |-
  #header {
    color: black;
  }
  #header .navigation {
    font-size: 12px;
  }
  #header .navigation .logo {
    width: 300px;
    height: 200px;
  }
  #header .navigation .logo .abc {
    color: white;
  }
Tools / Directives and Functions / css / 0: |-
  .container {
    width: 100%;
    margin-right: auto;
    margin-left: auto;
    padding-right: 1rem;
    padding-left: 1rem;
    font-weight: 700 !important;
    --tw-text-opacity: 1;
    color: rgba(17, 24, 39, var(--tw-text-opacity));
  }
  .dark .test {
    font-weight: 500;
  }
  .button:focus {
    --tw-text-opacity: 1;
    color: rgba(110, 231, 183, var(--tw-text-opacity));
  }
  .link:hover {
    --tw-bg-opacity: 1;
    background-color: rgba(239, 68, 68, var(--tw-bg-opacity));
    opacity: 1;
  }
  @media (min-width: 640px) {
    .test {
      padding-top: 1px;
    }
    .container {
      max-width: 640px;
    }
  }
  @media (min-width: 768px) {
    .container {
      font-size: 1.125rem !important;
      line-height: 1.75rem !important;
      max-width: 768px !important;
    }
  }
  @media (min-width: 1024px) {
    .container {
      --tw-bg-opacity: 1 !important;
      background-color: rgba(110, 231, 183, var(--tw-bg-opacity)) !important;
    }
    .button:hover {
      --tw-text-opacity: 1;
      color: rgba(110, 231, 183, var(--tw-text-opacity));
    }
  }
  @media (prefers-color-scheme: dark) {
    .test {
      --tw-bg-opacity: 1;
      background-color: rgba(209, 213, 219, var(--tw-bg-opacity));
    }
  }
Tools / Keyframes / css / 0: |-
  @media (prefers-color-scheme: dark) {
    @media (min-width: 640px) {
      @keyframes ping {
        0% {
          transform: scale(1);
          opacity: 1;
        }
        75%, 100% {
          transform: scale(2);
          opacity: 0;
        }
      }
    }
  }
Tools / Nested At-Rules / css / 0: |-
  @media (min-width: 768px) {
    .test {
      width: 300px !important;
    }
  }
  @media (min-resolution: 192dpi) {
    @media (min-width: 768px) {
      .component {
        background-image: url(/img/retina2x.png);
      }
    }
  }
Tools / Nested At-Rules and Bubbling / css / 0: |-
  .component {
    width: 300px;
  }
  @media (min-width: 768px) {
    .component {
      width: 600px;
    }
  }
  @media (min-width: 1280px) {
    .component {
      width: 800px;
    }
  }
  @media (min-resolution: 192dpi) {
    @media (min-width: 768px) {
      .component {
        background-image: url(/img/retina2x.png);
      }
    }
  }
Tools / Nesting / css / 0: |-
  #header {
    color: black;
  }
  #header .navigation {
    font-size: 12px;
  }
  #header .logo {
    width: 300px;
  }
Tools / One line AtRule / css / 0: |-
  @import "library";
  @import "typo.css";
Tools / Pseudo Classes / css / 0: |-
  #bundle .button {
    display: block;
    border: 1px solid black;
    background-color: grey;
  }
  #bundle .button:hover {
    background-color: white;
  }
  #bundle .button::first-line {
    color: red;
  }
  #bundle .button__abc:focus {
    color: blue;
  }
  #bundle .logo {
    width: 300px;
  }
Tools / Simple atRule / css / 0: |-
  @media (min-width: 768px) {
    .test {
      color: red;
    }
  }
Tools / Single Level / css / 0: |-
  img, video {
    max-width: 100%;
    height: auto;
  }
  .navigation {
    font-size: 12px;
  }
  .logo {
    width: 300px;
  }
Tools / animations with @apply / css / 0: |-
  @keyframes pulse {
    0%, 100% {
      opacity: 1;
    }
    50% {
      opacity: .5;
    }
  }
  @-webkit-keyframes pulse {
    0%, 100% {
      opacity: 1;
    }
    50% {
      opacity: .5;
    }
  }
  @keyframes ping {
    0% {
      -webkit-transform: scale(1);
      transform: scale(1);
      opacity: 1;
    }
    75%, 100% {
      -webkit-transform: scale(2);
      transform: scale(2);
      opacity: 0;
    }
  }
  @-webkit-keyframes ping {
    0% {
      -webkit-transform: scale(1);
      transform: scale(1);
      opacity: 1;
    }
    75%, 100% {
      -webkit-transform: scale(2);
      transform: scale(2);
      opacity: 0;
    }
  }
  .pulse-class {
    position: relative;
    width: 10rem;
    height: 10rem;
    border-radius: 9999px;
    --tw-bg-opacity: 1;
    background-color: rgba(20, 184, 166, var(--tw-bg-opacity));
    opacity: 0.6;
    -webkit-animation: pulse 2s cubic-bezier(0.4, 0, 0.6, 1) infinite;
    animation: pulse 2s cubic-bezier(0.4, 0, 0.6, 1) infinite;
  }
  @media (prefers-color-scheme: dark) {
    .ping-class {
      -webkit-animation: ping 1s cubic-bezier(0, 0, 0.2, 1) infinite;
      animation: ping 1s cubic-bezier(0, 0, 0.2, 1) infinite;
    }
  }
Tools / apply chain / css / 0: |-
  .base {
    width: 2.25rem;
    height: 2.25rem;
    border-radius: 0.375rem;
  }
  .extend-base {
    width: 2.25rem;
    height: 2.25rem;
    border-radius: 0.375rem;
    --tw-bg-opacity: 1;
    background-color: rgba(255, 255, 255, var(--tw-bg-opacity));
  }
Tools / apply hover with multiple selector / css / 0: |-
  .a:hover, .b:hover {
    --tw-text-opacity: 1;
    color: rgba(254, 202, 202, var(--tw-text-opacity));
  }
Tools / background-image url / css / 0: |-
  .background {
    background-image: url('https://awebsite.com/an-image.png');
  }
  .background__overlay {
    background-color: #023761;
  }
Tools / comma separated selectors / css / 0: |-
  .dark .parent h2 > a::after, .dark .parent h3 > a::after {
    color: red;
  }
  .Comp1, .Comp2 {
    border: 1px solid red;
  }
  .Comp1-child, .Comp2-child {
    border: 10px solid green;
  }
  .alert ul, .alert p, .warning ul, .warning p {
    margin-left: 0;
  }
Tools / do not change apply order / css / 0: |-
  .test-border {
    --tw-border-opacity: 1;
    border-color: rgba(239, 68, 68, var(--tw-border-opacity));
    border-right-color: transparent;
    border-bottom-color: transparent;
    border-left-color: transparent;
  }
Tools / keeps multiple @font-face / css / 0: |-
  @font-face {
    font-family: Proxima Nova;
    font-weight: 400;
    src: url(/fonts/proxima-nova/400-regular.woff) format("woff");
  }
  @font-face {
    font-family: Proxima Nova;
    font-weight: 700;
    src: url(/fonts/proxima-nova/700-regular.woff) format("woff");
  }
Tools / last rule without semicolon / css / 0: |-
  .font-bold {
    font-weight: 700;
    display: block;
  }
Tools / layer directive / css / 0: |-
  base {
    margin-left: auto;
  }
  .components {
    --tw-bg-opacity: 1;
    background-color: rgba(239, 68, 68, var(--tw-bg-opacity));
  }
  .normal {
    marign-right: auto;
  }
  .utilities {
    max-width: 768px;
  }
Tools / multiple line comment / css / 0: |-
  .box {
    border: 10px solid green;
  }
Tools / single line comment / css / 0: |-
  .test-child {
    border: 10px solid green;
  }
Tools / theme function / css / 0: |-
  .btn-blue {
    background-color: #3b82f6;
  }
  .content-area {
    height: calc(100vh - 0.625rem) + 0.5rem;
  }
  .content-area2 {
    height: calc(100vh - 4rem);
  }
