Tools / some tags / css / 0: |-
  a {
    color: inherit;
    text-decoration: inherit;
  }
  code {
    font-size: 1em;
    font-family: ui-monospace,SFMono-Regular,Menlo,Monaco,Consolas,"Liberation Mono","Courier New",monospace;
  }
  img {
    border-style: solid;
    max-width: 100%;
    height: auto;
  }
  img, svg {
    display: block;
    vertical-align: middle;
  }
  p {
    margin: 0;
  }
  ul {
    list-style: none;
    margin: 0;
    padding: 0;
  }
