Tools / simple parse / ast / 0: |-
  {
    "type": "BinaryExpression",
    "operator": "+",
    "left": {
      "type": "Identifier",
      "name": "$a"
    },
    "right": {
      "type": "BinaryExpression",
      "operator": "/",
      "left": {
        "type": "Identifier",
        "name": "$b"
      },
      "right": {
        "type": "Identifier",
        "name": "$c"
      }
    }
  }
