Tools / eval / ast / 0: |-
  {
    "left": {
      "token": {
        "type": "INTEGER",
        "value": 7
      },
      "value": 7
    },
    "op": {
      "type": "PLUS",
      "value": "+"
    },
    "right": {
      "left": {
        "token": {
          "type": "INTEGER",
          "value": 3
        },
        "value": 3
      },
      "op": {
        "type": "MUL",
        "value": "*"
      },
      "right": {
        "left": {
          "token": {
            "type": "INTEGER",
            "value": 10
          },
          "value": 10
        },
        "op": {
          "type": "DIV",
          "value": "/"
        },
        "right": {
          "left": {
            "left": {
              "token": {
                "type": "INTEGER",
                "value": 12
              },
              "value": 12
            },
            "op": {
              "type": "DIV",
              "value": "/"
            },
            "right": {
              "left": {
                "token": {
                  "type": "INTEGER",
                  "value": 3
                },
                "value": 3
              },
              "op": {
                "type": "PLUS",
                "value": "+"
              },
              "right": {
                "token": {
                  "type": "INTEGER",
                  "value": 1
                },
                "value": 1
              }
            }
          },
          "op": {
            "type": "MINUS",
            "value": "+"
          },
          "right": {
            "token": {
              "type": "INTEGER",
              "value": 1
            },
            "value": 1
          }
        }
      }
    }
  }
