Tools / addComponents with attribute selectors / css / 0: |-
  btn-disabled, .btn[disabled] {
    --tw-bg-opacity: 1;
    --tw-bg-opacity: 0.2;
    background-color: hsla(var(--n,219 14% 28%)/var(--tw-bg-opacity));
    --tw-border-opacity: 0;
    --tw-text-opacity: 1;
    --tw-text-opacity: 0.2;
    color: hsla(var(--bc,215 28% 17%)/var(--tw-text-opacity));
  }
